[debug] [2026-08-16T04:53:35.242Z] ----------------------------------------------------------------------
[debug] [2026-08-16T04:53:35.244Z] Command:       /usr/local/bin/node /Users/eddiec/.npm/_npx/7750544ccf494d8b/node_modules/.bin/firebase deploy --only functions --project led-db-465b0
[debug] [2026-08-16T04:53:35.245Z] CLI Version:   15.27.0
[debug] [2026-08-16T04:53:35.245Z] Platform:      darwin
[debug] [2026-08-16T04:53:35.245Z] Node Version:  v24.15.0
[debug] [2026-08-16T04:53:35.245Z] Detected Agent: github_copilot_vscode_agent
[debug] [2026-08-16T04:53:35.245Z] Time:          Sun Aug 16 2026 00:53:35 GMT-0400 (Eastern Daylight Time)
[debug] [2026-08-16T04:53:35.245Z] ----------------------------------------------------------------------
[debug] 
[debug] [2026-08-16T04:53:36.581Z] > command requires scopes: ["email","openid","https://www.googleapis.com/auth/cloudplatformprojects.readonly","https://www.googleapis.com/auth/firebase","https://www.googleapis.com/auth/cloud-platform"]
[debug] [2026-08-16T04:53:36.581Z] > authorizing via signed-in user (totem1997@gmail.com)
[debug] [2026-08-16T04:53:36.581Z] [iam] checking project led-db-465b0 for permissions ["cloudfunctions.functions.create","cloudfunctions.functions.delete","cloudfunctions.functions.get","cloudfunctions.functions.list","cloudfunctions.functions.update","cloudfunctions.operations.get","firebase.projects.get"]
[debug] [2026-08-16T04:53:36.598Z] Checked if tokens are valid: true, expires at: 1786858660549
[debug] [2026-08-16T04:53:36.598Z] Checked if tokens are valid: true, expires at: 1786858660549
[debug] [2026-08-16T04:53:36.599Z] >>> [apiv2][query] POST https://cloudresourcemanager.googleapis.com/v1/projects/led-db-465b0:testIamPermissions [none]
[debug] [2026-08-16T04:53:36.599Z] >>> [apiv2][(partial)header] POST https://cloudresourcemanager.googleapis.com/v1/projects/led-db-465b0:testIamPermissions  x-goog-user-project=led-db-465b0
[debug] [2026-08-16T04:53:36.599Z] >>> [apiv2][body] POST https://cloudresourcemanager.googleapis.com/v1/projects/led-db-465b0:testIamPermissions {"permissions":["cloudfunctions.functions.create","cloudfunctions.functions.delete","cloudfunctions.functions.get","cloudfunctions.functions.list","cloudfunctions.functions.update","cloudfunctions.operations.get","firebase.projects.get"]}
[debug] [2026-08-16T04:53:36.990Z] <<< [apiv2][status] POST https://cloudresourcemanager.googleapis.com/v1/projects/led-db-465b0:testIamPermissions 200
[debug] [2026-08-16T04:53:36.990Z] <<< [apiv2][body] POST https://cloudresourcemanager.googleapis.com/v1/projects/led-db-465b0:testIamPermissions {"permissions":["cloudfunctions.functions.create","cloudfunctions.functions.delete","cloudfunctions.functions.get","cloudfunctions.functions.list","cloudfunctions.functions.update","cloudfunctions.operations.get","firebase.projects.get"]}
[debug] [2026-08-16T04:53:36.991Z] Checked if tokens are valid: true, expires at: 1786858660549
[debug] [2026-08-16T04:53:36.991Z] Checked if tokens are valid: true, expires at: 1786858660549
[debug] [2026-08-16T04:53:36.991Z] >>> [apiv2][query] POST https://iam.googleapis.com/v1/projects/led-db-465b0/serviceAccounts/led-db-465b0@appspot.gserviceaccount.com:testIamPermissions [none]
[debug] [2026-08-16T04:53:36.991Z] >>> [apiv2][body] POST https://iam.googleapis.com/v1/projects/led-db-465b0/serviceAccounts/led-db-465b0@appspot.gserviceaccount.com:testIamPermissions {"permissions":["iam.serviceAccounts.actAs"]}
[debug] [2026-08-16T04:53:37.343Z] <<< [apiv2][status] POST https://iam.googleapis.com/v1/projects/led-db-465b0/serviceAccounts/led-db-465b0@appspot.gserviceaccount.com:testIamPermissions 200
[debug] [2026-08-16T04:53:37.343Z] <<< [apiv2][body] POST https://iam.googleapis.com/v1/projects/led-db-465b0/serviceAccounts/led-db-465b0@appspot.gserviceaccount.com:testIamPermissions {"permissions":["iam.serviceAccounts.actAs"]}
[info] 
[info] === Deploying to 'led-db-465b0'...
[info] 
[info] i  deploying functions 
[debug] [2026-08-16T04:53:37.346Z] Checked if tokens are valid: true, expires at: 1786858660549
[debug] [2026-08-16T04:53:37.346Z] Checked if tokens are valid: true, expires at: 1786858660549
[debug] [2026-08-16T04:53:37.346Z] >>> [apiv2][query] GET https://cloudresourcemanager.googleapis.com/v1/projects/led-db-465b0 [none]
[debug] [2026-08-16T04:53:37.442Z] <<< [apiv2][status] GET https://cloudresourcemanager.googleapis.com/v1/projects/led-db-465b0 200
[debug] [2026-08-16T04:53:37.442Z] <<< [apiv2][body] GET https://cloudresourcemanager.googleapis.com/v1/projects/led-db-465b0 {"projectNumber":"922283607413","projectId":"led-db-465b0","lifecycleState":"ACTIVE","name":"led-db","labels":{"firebase":"enabled","firebase-core":"disabled"},"createTime":"2026-08-07T20:18:59.983Z"}
[info] i  functions: preparing codebase default for deployment 
[info] i  functions: ensuring required API cloudfunctions.googleapis.com is enabled... 
[info] i  functions: ensuring required API cloudbuild.googleapis.com is enabled... 
[info] i  artifactregistry: ensuring required API artifactregistry.googleapis.com is enabled... 
[debug] [2026-08-16T04:53:37.444Z] Checked if tokens are valid: true, expires at: 1786858660549
[debug] [2026-08-16T04:53:37.444Z] Checked if tokens are valid: true, expires at: 1786858660549
[debug] [2026-08-16T04:53:37.444Z] >>> [apiv2][query] GET https://firebase.googleapis.com/v1beta1/projects/led-db-465b0/adminSdkConfig [none]
[debug] [2026-08-16T04:53:37.898Z] <<< [apiv2][status] GET https://firebase.googleapis.com/v1beta1/projects/led-db-465b0/adminSdkConfig 200
[debug] [2026-08-16T04:53:37.898Z] <<< [apiv2][body] GET https://firebase.googleapis.com/v1beta1/projects/led-db-465b0/adminSdkConfig {"projectId":"led-db-465b0","storageBucket":"led-db-465b0.firebasestorage.app"}
[debug] [2026-08-16T04:53:37.899Z] Checked if tokens are valid: true, expires at: 1786858660549
[debug] [2026-08-16T04:53:37.899Z] Checked if tokens are valid: true, expires at: 1786858660549
[debug] [2026-08-16T04:53:37.899Z] >>> [apiv2][query] GET https://runtimeconfig.googleapis.com/v1beta1/projects/led-db-465b0/configs [none]
[debug] [2026-08-16T04:53:38.712Z] <<< [apiv2][status] GET https://runtimeconfig.googleapis.com/v1beta1/projects/led-db-465b0/configs 200
[debug] [2026-08-16T04:53:38.712Z] <<< [apiv2][body] GET https://runtimeconfig.googleapis.com/v1beta1/projects/led-db-465b0/configs {}
[debug] [2026-08-16T04:53:38.714Z] Validating nodejs source
[warn] ⚠  functions: Runtime Node.js 20 was deprecated on 2026-04-30 and will be decommissioned on 2026-10-30, after which you will not be able to deploy without upgrading. Consider upgrading now to avoid disruption. See https://cloud.google.com/functions/docs/runtime-support for full details on the lifecycle policy 
[warn] ⚠  functions: package.json indicates an outdated version of firebase-functions. Please upgrade using npm install --save firebase-functions@latest in your functions directory. 
[warn] ⚠  functions: Please note that there will be breaking changes when you upgrade. 
[debug] [2026-08-16T04:53:39.493Z] > [functions] package.json contents: {
  "name": "firebase-functions",
  "version": "1.0.0",
  "description": "Firebase Cloud Functions",
  "main": "index.js",
  "scripts": {
    "start": "firebase emulators:start --only functions",
    "deploy": "firebase deploy --only functions"
  },
  "dependencies": {
    "firebase-admin": "^12.0.0",
    "firebase-functions": "^5.0.0"
  },
  "engines": {
    "node": "20"
  }
}
[debug] [2026-08-16T04:53:39.493Z] Building nodejs source
[info] i  functions: Loading and analyzing source code for codebase default to determine what to deploy 
[debug] [2026-08-16T04:53:39.494Z] Could not find functions.yaml. Must use http discovery
[debug] [2026-08-16T04:53:39.501Z] Found firebase-functions binary at '/Users/eddiec/Documents/01_tutorial/01_python/Project/projects-1/functions/node_modules/.bin/firebase-functions'
[info] Serving at port 8138

[debug] [2026-08-16T04:53:40.383Z] Got response from /__/functions.yaml {"endpoints":{"createUserWithPassword":{"platform":"gcfv1","labels":{},"availableMemoryMb":null,"timeoutSeconds":null,"minInstances":null,"maxInstances":null,"ingressSettings":null,"serviceAccountEmail":null,"vpc":null,"callableTrigger":{},"entryPoint":"createUserWithPassword"},"deleteUserAccount":{"platform":"gcfv1","labels":{},"availableMemoryMb":null,"timeoutSeconds":null,"minInstances":null,"maxInstances":null,"ingressSettings":null,"serviceAccountEmail":null,"vpc":null,"callableTrigger":{},"entryPoint":"deleteUserAccount"}},"specVersion":"v1alpha1","requiredAPIs":[],"extensions":{}}
[debug] [2026-08-16T04:53:43.411Z] Checked if tokens are valid: true, expires at: 1786858660549
[debug] [2026-08-16T04:53:43.411Z] Checked if tokens are valid: true, expires at: 1786858660549
[debug] [2026-08-16T04:53:43.411Z] >>> [apiv2][query] GET https://cloudfunctions.googleapis.com/v1/projects/led-db-465b0/locations/-/functions [none]
[debug] [2026-08-16T04:53:44.034Z] <<< [apiv2][status] GET https://cloudfunctions.googleapis.com/v1/projects/led-db-465b0/locations/-/functions 200
[debug] [2026-08-16T04:53:44.034Z] <<< [apiv2][body] GET https://cloudfunctions.googleapis.com/v1/projects/led-db-465b0/locations/-/functions {"functions":[{"name":"projects/led-db-465b0/locations/us-central1/functions/createUserWithPassword","httpsTrigger":{"url":"https://us-central1-led-db-465b0.cloudfunctions.net/createUserWithPassword","securityLevel":"SECURE_ALWAYS"},"status":"ACTIVE","entryPoint":"createUserWithPassword","timeout":"60s","availableMemoryMb":256,"serviceAccountEmail":"led-db-465b0@appspot.gserviceaccount.com","updateTime":"2026-08-16T04:44:10.809191348Z","versionId":"1","labels":{"firebase-functions-hash":"de743a1528e8d052a6be1f162f360d8043a8c8bc","deployment-tool":"cli-firebase","deployment-callable":"true"},"sourceUploadUrl":"https://storage.googleapis.com/uploads-69892327674.us-central1.cloudfunctions.appspot.com/07d4575c-9e6c-4a45-a71d-c280da2d565d.zip","environmentVariables":{"FIREBASE_CONFIG":"{\"projectId\":\"led-db-465b0\",\"storageBucket\":\"led-db-465b0.firebasestorage.app\"}","GCLOUD_PROJECT":"led-db-465b0","EVENTARC_CLOUD_EVENT_SOURCE":"projects/led-db-465b0/locations/us-central1/functions/createUserWithPassword"},"runtime":"nodejs20","ingressSettings":"ALLOW_ALL","buildId":"790958c0-c286-40cf-bd09-606c04a98979","buildEnvironmentVariables":{"GOOGLE_NODE_RUN_SCRIPTS":""},"buildName":"projects/922283607413/locations/us-central1/builds/790958c0-c286-40cf-bd09-606c04a98979","dockerRegistry":"ARTIFACT_REGISTRY","automaticUpdatePolicy":{},"buildServiceAccount":"projects/led-db-465b0/serviceAccounts/922283607413-compute@developer.gserviceaccount.com","satisfiesPzi":true},{"name":"projects/led-db-465b0/locations/us-central1/functions/deleteUserAccount","httpsTrigger":{"url":"https://us-central1-led-db-465b0.cloudfunctions.net/deleteUserAccount","securityLevel":"SECURE_ALWAYS"},"status":"ACTIVE","entryPoint":"deleteUserAccount","timeout":"60s","availableMemoryMb":256,"serviceAccountEmail":"led-db-465b0@appspot.gserviceaccount.com","updateTime":"2026-08-16T04:44:09.736039436Z","versionId":"1","labels":{"deployment-tool":"cli-firebase","deployment-callable":"true","firebase-functions-hash":"de743a1528e8d052a6be1f162f360d8043a8c8bc"},"sourceUploadUrl":"https://storage.googleapis.com/uploads-69892327674.us-central1.cloudfunctions.appspot.com/07d4575c-9e6c-4a45-a71d-c280da2d565d.zip","environmentVariables":{"FIREBASE_CONFIG":"{\"projectId\":\"led-db-465b0\",\"storageBucket\":\"led-db-465b0.firebasestorage.app\"}","GCLOUD_PROJECT":"led-db-465b0","EVENTARC_CLOUD_EVENT_SOURCE":"projects/led-db-465b0/locations/us-central1/functions/deleteUserAccount"},"runtime":"nodejs20","ingressSettings":"ALLOW_ALL","buildId":"790958c0-c286-40cf-bd09-606c04a98979","buildEnvironmentVariables":{"GOOGLE_NODE_RUN_SCRIPTS":""},"buildName":"projects/922283607413/locations/us-central1/builds/790958c0-c286-40cf-bd09-606c04a98979","dockerRegistry":"ARTIFACT_REGISTRY","automaticUpdatePolicy":{},"buildServiceAccount":"projects/led-db-465b0/serviceAccounts/922283607413-compute@developer.gserviceaccount.com","satisfiesPzi":true}]}
[debug] [2026-08-16T04:53:44.036Z] Checked if tokens are valid: true, expires at: 1786858660549
[debug] [2026-08-16T04:53:44.036Z] Checked if tokens are valid: true, expires at: 1786858660549
[debug] [2026-08-16T04:53:44.036Z] >>> [apiv2][query] GET https://cloudfunctions.googleapis.com/v2/projects/led-db-465b0/locations/-/functions filter=environment%3D%22GEN_2%22
[debug] [2026-08-16T04:53:44.475Z] <<< [apiv2][status] GET https://cloudfunctions.googleapis.com/v2/projects/led-db-465b0/locations/-/functions 200
[debug] [2026-08-16T04:53:44.475Z] <<< [apiv2][body] GET https://cloudfunctions.googleapis.com/v2/projects/led-db-465b0/locations/-/functions {}
[info] i  extensions: ensuring required API firebaseextensions.googleapis.com is enabled... 
[debug] [2026-08-16T04:53:44.476Z] > command requires scopes: ["email","openid","https://www.googleapis.com/auth/cloudplatformprojects.readonly","https://www.googleapis.com/auth/firebase","https://www.googleapis.com/auth/cloud-platform"]
[debug] [2026-08-16T04:53:44.476Z] > authorizing via signed-in user (totem1997@gmail.com)
[debug] [2026-08-16T04:53:44.476Z] [iam] checking project led-db-465b0 for permissions ["firebase.projects.get","firebaseextensions.instances.list"]
[debug] [2026-08-16T04:53:44.477Z] Checked if tokens are valid: true, expires at: 1786858660549
[debug] [2026-08-16T04:53:44.477Z] Checked if tokens are valid: true, expires at: 1786858660549
[debug] [2026-08-16T04:53:44.477Z] >>> [apiv2][query] POST https://cloudresourcemanager.googleapis.com/v1/projects/led-db-465b0:testIamPermissions [none]
[debug] [2026-08-16T04:53:44.477Z] >>> [apiv2][(partial)header] POST https://cloudresourcemanager.googleapis.com/v1/projects/led-db-465b0:testIamPermissions  x-goog-user-project=led-db-465b0
[debug] [2026-08-16T04:53:44.477Z] >>> [apiv2][body] POST https://cloudresourcemanager.googleapis.com/v1/projects/led-db-465b0:testIamPermissions {"permissions":["firebase.projects.get","firebaseextensions.instances.list"]}
[debug] [2026-08-16T04:53:45.266Z] <<< [apiv2][status] POST https://cloudresourcemanager.googleapis.com/v1/projects/led-db-465b0:testIamPermissions 200
[debug] [2026-08-16T04:53:45.267Z] <<< [apiv2][body] POST https://cloudresourcemanager.googleapis.com/v1/projects/led-db-465b0:testIamPermissions {"permissions":["firebase.projects.get","firebaseextensions.instances.list"]}
[debug] [2026-08-16T04:53:45.267Z] Checked if tokens are valid: true, expires at: 1786858660549
[debug] [2026-08-16T04:53:45.267Z] Checked if tokens are valid: true, expires at: 1786858660549
[debug] [2026-08-16T04:53:45.267Z] >>> [apiv2][query] GET https://firebaseextensions.googleapis.com/v1beta/projects/led-db-465b0/instances pageSize=100&pageToken=
[debug] [2026-08-16T04:53:45.647Z] <<< [apiv2][status] GET https://firebaseextensions.googleapis.com/v1beta/projects/led-db-465b0/instances 200
[debug] [2026-08-16T04:53:45.647Z] <<< [apiv2][body] GET https://firebaseextensions.googleapis.com/v1beta/projects/led-db-465b0/instances {}
[debug] [2026-08-16T04:53:45.649Z] Attempting to merge .env secret bindings {} into declared secrets...)}
[debug] [2026-08-16T04:53:45.649Z] createUserWithPassword declared secrets: undefined
[debug] [2026-08-16T04:53:45.649Z] deleteUserAccount declared secrets: undefined
[info] i  functions: preparing functions directory for uploading... 
[info] i  functions: packaged /Users/eddiec/Documents/01_tutorial/01_python/Project/projects-1/functions (30.77 KB) for uploading 
[debug] [2026-08-16T04:53:45.685Z] Checked if tokens are valid: true, expires at: 1786858660549
[debug] [2026-08-16T04:53:45.685Z] Checked if tokens are valid: true, expires at: 1786858660549
[debug] [2026-08-16T04:53:45.686Z] >>> [apiv2][query] GET https://cloudresourcemanager.googleapis.com/v1/projects/led-db-465b0 [none]
[debug] [2026-08-16T04:53:45.777Z] <<< [apiv2][status] GET https://cloudresourcemanager.googleapis.com/v1/projects/led-db-465b0 200
[debug] [2026-08-16T04:53:45.777Z] <<< [apiv2][body] GET https://cloudresourcemanager.googleapis.com/v1/projects/led-db-465b0 {"projectNumber":"922283607413","projectId":"led-db-465b0","lifecycleState":"ACTIVE","name":"led-db","labels":{"firebase":"enabled","firebase-core":"disabled"},"createTime":"2026-08-07T20:18:59.983Z"}
[debug] [2026-08-16T04:53:45.778Z] Checked if tokens are valid: true, expires at: 1786858660549
[debug] [2026-08-16T04:53:45.778Z] Checked if tokens are valid: true, expires at: 1786858660549
[debug] [2026-08-16T04:53:45.778Z] >>> [apiv2][query] GET https://cloudbilling.googleapis.com/v1/projects/led-db-465b0/billingInfo [none]
[debug] [2026-08-16T04:53:45.778Z] >>> [apiv2][(partial)header] GET https://cloudbilling.googleapis.com/v1/projects/led-db-465b0/billingInfo  x-goog-user-project=led-db-465b0
[debug] [2026-08-16T04:54:07.606Z] <<< [apiv2][status] GET https://cloudbilling.googleapis.com/v1/projects/led-db-465b0/billingInfo 200
[debug] [2026-08-16T04:54:07.611Z] <<< [apiv2][body] GET https://cloudbilling.googleapis.com/v1/projects/led-db-465b0/billingInfo {"name":"projects/led-db-465b0/billingInfo","projectId":"led-db-465b0","billingAccountName":"billingAccounts/01490D-9A8CE0-652B18","billingEnabled":true}
[debug] [2026-08-16T04:54:07.626Z] Checked if tokens are valid: true, expires at: 1786858660549
[debug] [2026-08-16T04:54:07.626Z] Checked if tokens are valid: true, expires at: 1786858660549
[debug] [2026-08-16T04:54:07.627Z] >>> [apiv2][query] POST https://cloudfunctions.googleapis.com/v1/projects/led-db-465b0/locations/us-central1/functions:generateUploadUrl [none]
[debug] [2026-08-16T04:54:07.627Z] >>> [apiv2][body] POST https://cloudfunctions.googleapis.com/v1/projects/led-db-465b0/locations/us-central1/functions:generateUploadUrl {}
[debug] [2026-08-16T04:54:08.340Z] <<< [apiv2][status] POST https://cloudfunctions.googleapis.com/v1/projects/led-db-465b0/locations/us-central1/functions:generateUploadUrl 200
[debug] [2026-08-16T04:54:08.341Z] <<< [apiv2][body] POST https://cloudfunctions.googleapis.com/v1/projects/led-db-465b0/locations/us-central1/functions:generateUploadUrl {"uploadUrl":"https://storage.googleapis.com/uploads-69892327674.us-central1.cloudfunctions.appspot.com/14913877-13d5-41e4-86bf-3a003afe8c56.zip?GoogleAccessId=service-922283607413@gcf-admin-robot.iam.gserviceaccount.com&Expires=1786857848&Signature=JQTl72N0McbS3pcvTlLz1erfJTwdgPSP1wLT5PAvb%2FdShwvs8esk9reuAAMRXWJL6qm7NtEQe6pVHvEPiC9zsQngHKFMtiIIjOxOccTc9vQYIUihCAZ0Jr9mkccC93AVsQ7vKQQroWHbeQElmG7CcamjoMcS9QwoI4bjzyuOtTXWS8u2u1Wnc9WwdYYkPNx%2FF2Ow%2FxmwBwJYie%2F9xfJTOjNv%2F7LRH9fxUVyTOvrlqpM3E6T2FBcPGCnYTiTuna4qP9RazPVzmkhmvoy15COWw7zQb4U9KGI9WUw7clWdtHNwtgl4UGgj8NMf6Jum%2Bc%2B8e7NEya0Ex2b%2FwODDvZqUXw%3D%3D"}
[debug] [2026-08-16T04:54:08.349Z] >>> [apiv2][query] PUT https://storage.googleapis.com/uploads-69892327674.us-central1.cloudfunctions.appspot.com/14913877-13d5-41e4-86bf-3a003afe8c56.zip GoogleAccessId=service-922283607413%40gcf-admin-robot.iam.gserviceaccount.com&Expires=1786857848&Signature=JQTl72N0McbS3pcvTlLz1erfJTwdgPSP1wLT5PAvb%2FdShwvs8esk9reuAAMRXWJL6qm7NtEQe6pVHvEPiC9zsQngHKFMtiIIjOxOccTc9vQYIUihCAZ0Jr9mkccC93AVsQ7vKQQroWHbeQElmG7CcamjoMcS9QwoI4bjzyuOtTXWS8u2u1Wnc9WwdYYkPNx%2FF2Ow%2FxmwBwJYie%2F9xfJTOjNv%2F7LRH9fxUVyTOvrlqpM3E6T2FBcPGCnYTiTuna4qP9RazPVzmkhmvoy15COWw7zQb4U9KGI9WUw7clWdtHNwtgl4UGgj8NMf6Jum%2Bc%2B8e7NEya0Ex2b%2FwODDvZqUXw%3D%3D
[debug] [2026-08-16T04:54:08.349Z] >>> [apiv2][body] PUT https://storage.googleapis.com/uploads-69892327674.us-central1.cloudfunctions.appspot.com/14913877-13d5-41e4-86bf-3a003afe8c56.zip [stream]
[debug] [2026-08-16T04:54:08.650Z] <<< [apiv2][status] PUT https://storage.googleapis.com/uploads-69892327674.us-central1.cloudfunctions.appspot.com/14913877-13d5-41e4-86bf-3a003afe8c56.zip 200
[debug] [2026-08-16T04:54:08.650Z] <<< [apiv2][body] PUT https://storage.googleapis.com/uploads-69892327674.us-central1.cloudfunctions.appspot.com/14913877-13d5-41e4-86bf-3a003afe8c56.zip [omitted]
[info] ✔  functions: functions source uploaded successfully 
[info] i  functions: updating Node.js 20 (1st Gen) function createUserWithPassword(us-central1)... 
[info] i  functions: updating Node.js 20 (1st Gen) function deleteUserAccount(us-central1)... 
[debug] [2026-08-16T04:54:08.662Z] Checked if tokens are valid: true, expires at: 1786858660549
[debug] [2026-08-16T04:54:08.662Z] Checked if tokens are valid: true, expires at: 1786858660549
[debug] [2026-08-16T04:54:08.662Z] >>> [apiv2][query] PATCH https://cloudfunctions.googleapis.com/v1/projects/led-db-465b0/locations/us-central1/functions/createUserWithPassword updateMask=name%2CsourceUploadUrl%2CentryPoint%2Cruntime%2CdockerRegistry%2Clabels%2ChttpsTrigger.securityLevel%2CminInstances%2CmaxInstances%2CingressSettings%2CenvironmentVariables%2CserviceAccountEmail%2CavailableMemoryMb%2Ctimeout%2CvpcConnector%2CvpcConnectorEgressSettings%2CsourceToken%2CbuildEnvironmentVariables
[debug] [2026-08-16T04:54:08.662Z] >>> [apiv2][body] PATCH https://cloudfunctions.googleapis.com/v1/projects/led-db-465b0/locations/us-central1/functions/createUserWithPassword {"name":"projects/led-db-465b0/locations/us-central1/functions/createUserWithPassword","sourceUploadUrl":"https://storage.googleapis.com/uploads-69892327674.us-central1.cloudfunctions.appspot.com/14913877-13d5-41e4-86bf-3a003afe8c56.zip?GoogleAccessId=service-922283607413@gcf-admin-robot.iam.gserviceaccount.com&Expires=1786857848&Signature=JQTl72N0McbS3pcvTlLz1erfJTwdgPSP1wLT5PAvb%2FdShwvs8esk9reuAAMRXWJL6qm7NtEQe6pVHvEPiC9zsQngHKFMtiIIjOxOccTc9vQYIUihCAZ0Jr9mkccC93AVsQ7vKQQroWHbeQElmG7CcamjoMcS9QwoI4bjzyuOtTXWS8u2u1Wnc9WwdYYkPNx%2FF2Ow%2FxmwBwJYie%2F9xfJTOjNv%2F7LRH9fxUVyTOvrlqpM3E6T2FBcPGCnYTiTuna4qP9RazPVzmkhmvoy15COWw7zQb4U9KGI9WUw7clWdtHNwtgl4UGgj8NMf6Jum%2Bc%2B8e7NEya0Ex2b%2FwODDvZqUXw%3D%3D","entryPoint":"createUserWithPassword","runtime":"nodejs20","dockerRegistry":"ARTIFACT_REGISTRY","labels":{"deployment-tool":"cli-firebase","deployment-callable":"true","firebase-functions-hash":"acba6580289195b58d3dbe1d336a53e855f8128c"},"httpsTrigger":{"securityLevel":"SECURE_ALWAYS"},"minInstances":null,"maxInstances":null,"ingressSettings":null,"environmentVariables":{"FIREBASE_CONFIG":"{\"projectId\":\"led-db-465b0\",\"storageBucket\":\"led-db-465b0.firebasestorage.app\"}","GCLOUD_PROJECT":"led-db-465b0","EVENTARC_CLOUD_EVENT_SOURCE":"projects/led-db-465b0/locations/us-central1/functions/createUserWithPassword"},"serviceAccountEmail":null,"availableMemoryMb":null,"timeout":null,"vpcConnector":null,"vpcConnectorEgressSettings":null,"buildEnvironmentVariables":{"GOOGLE_NODE_RUN_SCRIPTS":""}}
[debug] [2026-08-16T04:54:09.156Z] <<< [apiv2][status] PATCH https://cloudfunctions.googleapis.com/v1/projects/led-db-465b0/locations/us-central1/functions/createUserWithPassword 200
[debug] [2026-08-16T04:54:09.156Z] <<< [apiv2][body] PATCH https://cloudfunctions.googleapis.com/v1/projects/led-db-465b0/locations/us-central1/functions/createUserWithPassword {"name":"operations/bGVkLWRiLTQ2NWIwL3VzLWNlbnRyYWwxL2NyZWF0ZVVzZXJXaXRoUGFzc3dvcmQvdmNkVTJCVk43VUE","metadata":{"@type":"type.googleapis.com/google.cloud.functions.v1.OperationMetadataV1","target":"projects/led-db-465b0/locations/us-central1/functions/createUserWithPassword","type":"UPDATE_FUNCTION","request":{"@type":"type.googleapis.com/google.cloud.functions.v1.CloudFunction","name":"projects/led-db-465b0/locations/us-central1/functions/createUserWithPassword","httpsTrigger":{"url":"https://us-central1-led-db-465b0.cloudfunctions.net/createUserWithPassword","securityLevel":"SECURE_ALWAYS"},"status":"ACTIVE","entryPoint":"createUserWithPassword","updateTime":"2026-08-16T04:44:07.500Z","versionId":"1","labels":{"deployment-tool":"cli-firebase","deployment-callable":"true","firebase-functions-hash":"acba6580289195b58d3dbe1d336a53e855f8128c"},"sourceUploadUrl":"https://storage.googleapis.com/uploads-69892327674.us-central1.cloudfunctions.appspot.com/14913877-13d5-41e4-86bf-3a003afe8c56.zip?GoogleAccessId=service-922283607413@gcf-admin-robot.iam.gserviceaccount.com&Expires=1786857848&Signature=JQTl72N0McbS3pcvTlLz1erfJTwdgPSP1wLT5PAvb%2FdShwvs8esk9reuAAMRXWJL6qm7NtEQe6pVHvEPiC9zsQngHKFMtiIIjOxOccTc9vQYIUihCAZ0Jr9mkccC93AVsQ7vKQQroWHbeQElmG7CcamjoMcS9QwoI4bjzyuOtTXWS8u2u1Wnc9WwdYYkPNx%2FF2Ow%2FxmwBwJYie%2F9xfJTOjNv%2F7LRH9fxUVyTOvrlqpM3E6T2FBcPGCnYTiTuna4qP9RazPVzmkhmvoy15COWw7zQb4U9KGI9WUw7clWdtHNwtgl4UGgj8NMf6Jum%2Bc%2B8e7NEya0Ex2b%2FwODDvZqUXw%3D%3D","environmentVariables":{"FIREBASE_CONFIG":"{\"projectId\":\"led-db-465b0\",\"storageBucket\":\"led-db-465b0.firebasestorage.app\"}","GCLOUD_PROJECT":"led-db-465b0","EVENTARC_CLOUD_EVENT_SOURCE":"projects/led-db-465b0/locations/us-central1/functions/createUserWithPassword"},"runtime":"nodejs20","buildId":"790958c0-c286-40cf-bd09-606c04a98979","buildEnvironmentVariables":{"GOOGLE_NODE_RUN_SCRIPTS":""},"buildName":"projects/922283607413/locations/us-central1/builds/790958c0-c286-40cf-bd09-606c04a98979","dockerRegistry":"ARTIFACT_REGISTRY","automaticUpdatePolicy":{},"buildServiceAccount":"projects/led-db-465b0/serviceAccounts/922283607413-compute@developer.gserviceaccount.com"},"versionId":"2","updateTime":"2026-08-16T04:54:09Z"}}
[debug] [2026-08-16T04:54:09.157Z] Checked if tokens are valid: true, expires at: 1786858660549
[debug] [2026-08-16T04:54:09.158Z] Checked if tokens are valid: true, expires at: 1786858660549
[debug] [2026-08-16T04:54:09.158Z] >>> [apiv2][query] GET https://cloudfunctions.googleapis.com/v1/operations/bGVkLWRiLTQ2NWIwL3VzLWNlbnRyYWwxL2NyZWF0ZVVzZXJXaXRoUGFzc3dvcmQvdmNkVTJCVk43VUE [none]
[debug] [2026-08-16T04:54:09.424Z] <<< [apiv2][status] GET https://cloudfunctions.googleapis.com/v1/operations/bGVkLWRiLTQ2NWIwL3VzLWNlbnRyYWwxL2NyZWF0ZVVzZXJXaXRoUGFzc3dvcmQvdmNkVTJCVk43VUE 200
[debug] [2026-08-16T04:54:09.425Z] <<< [apiv2][body] GET https://cloudfunctions.googleapis.com/v1/operations/bGVkLWRiLTQ2NWIwL3VzLWNlbnRyYWwxL2NyZWF0ZVVzZXJXaXRoUGFzc3dvcmQvdmNkVTJCVk43VUE {"name":"operations/bGVkLWRiLTQ2NWIwL3VzLWNlbnRyYWwxL2NyZWF0ZVVzZXJXaXRoUGFzc3dvcmQvdmNkVTJCVk43VUE","metadata":{"@type":"type.googleapis.com/google.cloud.functions.v1.OperationMetadataV1","target":"projects/led-db-465b0/locations/us-central1/functions/createUserWithPassword","type":"UPDATE_FUNCTION","request":{"@type":"type.googleapis.com/google.cloud.functions.v1.CloudFunction","name":"projects/led-db-465b0/locations/us-central1/functions/createUserWithPassword","httpsTrigger":{"url":"https://us-central1-led-db-465b0.cloudfunctions.net/createUserWithPassword","securityLevel":"SECURE_ALWAYS"},"status":"ACTIVE","entryPoint":"createUserWithPassword","updateTime":"2026-08-16T04:44:07.500Z","versionId":"1","labels":{"deployment-tool":"cli-firebase","deployment-callable":"true","firebase-functions-hash":"acba6580289195b58d3dbe1d336a53e855f8128c"},"sourceUploadUrl":"https://storage.googleapis.com/uploads-69892327674.us-central1.cloudfunctions.appspot.com/14913877-13d5-41e4-86bf-3a003afe8c56.zip?GoogleAccessId=service-922283607413@gcf-admin-robot.iam.gserviceaccount.com&Expires=1786857848&Signature=JQTl72N0McbS3pcvTlLz1erfJTwdgPSP1wLT5PAvb%2FdShwvs8esk9reuAAMRXWJL6qm7NtEQe6pVHvEPiC9zsQngHKFMtiIIjOxOccTc9vQYIUihCAZ0Jr9mkccC93AVsQ7vKQQroWHbeQElmG7CcamjoMcS9QwoI4bjzyuOtTXWS8u2u1Wnc9WwdYYkPNx%2FF2Ow%2FxmwBwJYie%2F9xfJTOjNv%2F7LRH9fxUVyTOvrlqpM3E6T2FBcPGCnYTiTuna4qP9RazPVzmkhmvoy15COWw7zQb4U9KGI9WUw7clWdtHNwtgl4UGgj8NMf6Jum%2Bc%2B8e7NEya0Ex2b%2FwODDvZqUXw%3D%3D","environmentVariables":{"FIREBASE_CONFIG":"{\"projectId\":\"led-db-465b0\",\"storageBucket\":\"led-db-465b0.firebasestorage.app\"}","GCLOUD_PROJECT":"led-db-465b0","EVENTARC_CLOUD_EVENT_SOURCE":"projects/led-db-465b0/locations/us-central1/functions/createUserWithPassword"},"runtime":"nodejs20","buildId":"790958c0-c286-40cf-bd09-606c04a98979","buildEnvironmentVariables":{"GOOGLE_NODE_RUN_SCRIPTS":""},"buildName":"projects/922283607413/locations/us-central1/builds/790958c0-c286-40cf-bd09-606c04a98979","dockerRegistry":"ARTIFACT_REGISTRY","automaticUpdatePolicy":{},"buildServiceAccount":"projects/led-db-465b0/serviceAccounts/922283607413-compute@developer.gserviceaccount.com"},"versionId":"2","updateTime":"2026-08-16T04:54:09Z"}}
[debug] [2026-08-16T04:54:09.927Z] [update-default-us-central1-createUserWithPassword] Retrying task index 0
[debug] [2026-08-16T04:54:09.928Z] Checked if tokens are valid: true, expires at: 1786858660549
[debug] [2026-08-16T04:54:09.928Z] Checked if tokens are valid: true, expires at: 1786858660549
[debug] [2026-08-16T04:54:09.928Z] >>> [apiv2][query] GET https://cloudfunctions.googleapis.com/v1/operations/bGVkLWRiLTQ2NWIwL3VzLWNlbnRyYWwxL2NyZWF0ZVVzZXJXaXRoUGFzc3dvcmQvdmNkVTJCVk43VUE [none]
[debug] [2026-08-16T04:54:10.484Z] <<< [apiv2][status] GET https://cloudfunctions.googleapis.com/v1/operations/bGVkLWRiLTQ2NWIwL3VzLWNlbnRyYWwxL2NyZWF0ZVVzZXJXaXRoUGFzc3dvcmQvdmNkVTJCVk43VUE 200
[debug] [2026-08-16T04:54:10.484Z] <<< [apiv2][body] GET https://cloudfunctions.googleapis.com/v1/operations/bGVkLWRiLTQ2NWIwL3VzLWNlbnRyYWwxL2NyZWF0ZVVzZXJXaXRoUGFzc3dvcmQvdmNkVTJCVk43VUE {"name":"operations/bGVkLWRiLTQ2NWIwL3VzLWNlbnRyYWwxL2NyZWF0ZVVzZXJXaXRoUGFzc3dvcmQvdmNkVTJCVk43VUE","metadata":{"@type":"type.googleapis.com/google.cloud.functions.v1.OperationMetadataV1","target":"projects/led-db-465b0/locations/us-central1/functions/createUserWithPassword","type":"UPDATE_FUNCTION","request":{"@type":"type.googleapis.com/google.cloud.functions.v1.CloudFunction","name":"projects/led-db-465b0/locations/us-central1/functions/createUserWithPassword","httpsTrigger":{"url":"https://us-central1-led-db-465b0.cloudfunctions.net/createUserWithPassword","securityLevel":"SECURE_ALWAYS"},"status":"ACTIVE","entryPoint":"createUserWithPassword","updateTime":"2026-08-16T04:44:07.500Z","versionId":"1","labels":{"deployment-tool":"cli-firebase","deployment-callable":"true","firebase-functions-hash":"acba6580289195b58d3dbe1d336a53e855f8128c"},"sourceUploadUrl":"https://storage.googleapis.com/uploads-69892327674.us-central1.cloudfunctions.appspot.com/14913877-13d5-41e4-86bf-3a003afe8c56.zip?GoogleAccessId=service-922283607413@gcf-admin-robot.iam.gserviceaccount.com&Expires=1786857848&Signature=JQTl72N0McbS3pcvTlLz1erfJTwdgPSP1wLT5PAvb%2FdShwvs8esk9reuAAMRXWJL6qm7NtEQe6pVHvEPiC9zsQngHKFMtiIIjOxOccTc9vQYIUihCAZ0Jr9mkccC93AVsQ7vKQQroWHbeQElmG7CcamjoMcS9QwoI4bjzyuOtTXWS8u2u1Wnc9WwdYYkPNx%2FF2Ow%2FxmwBwJYie%2F9xfJTOjNv%2F7LRH9fxUVyTOvrlqpM3E6T2FBcPGCnYTiTuna4qP9RazPVzmkhmvoy15COWw7zQb4U9KGI9WUw7clWdtHNwtgl4UGgj8NMf6Jum%2Bc%2B8e7NEya0Ex2b%2FwODDvZqUXw%3D%3D","environmentVariables":{"FIREBASE_CONFIG":"{\"projectId\":\"led-db-465b0\",\"storageBucket\":\"led-db-465b0.firebasestorage.app\"}","GCLOUD_PROJECT":"led-db-465b0","EVENTARC_CLOUD_EVENT_SOURCE":"projects/led-db-465b0/locations/us-central1/functions/createUserWithPassword"},"runtime":"nodejs20","buildId":"790958c0-c286-40cf-bd09-606c04a98979","buildEnvironmentVariables":{"GOOGLE_NODE_RUN_SCRIPTS":""},"buildName":"projects/922283607413/locations/us-central1/builds/790958c0-c286-40cf-bd09-606c04a98979","dockerRegistry":"ARTIFACT_REGISTRY","automaticUpdatePolicy":{},"buildServiceAccount":"projects/led-db-465b0/serviceAccounts/922283607413-compute@developer.gserviceaccount.com"},"versionId":"2","updateTime":"2026-08-16T04:54:09Z","buildId":"5fb5c8a3-9217-4e30-817c-49eee1e75313","buildName":"projects/922283607413/locations/us-central1/builds/5fb5c8a3-9217-4e30-817c-49eee1e75313"}}
[debug] [2026-08-16T04:54:11.486Z] [update-default-us-central1-createUserWithPassword] Retrying task index 0
[debug] [2026-08-16T04:54:11.486Z] Checked if tokens are valid: true, expires at: 1786858660549
[debug] [2026-08-16T04:54:11.486Z] Checked if tokens are valid: true, expires at: 1786858660549
[debug] [2026-08-16T04:54:11.486Z] >>> [apiv2][query] GET https://cloudfunctions.googleapis.com/v1/operations/bGVkLWRiLTQ2NWIwL3VzLWNlbnRyYWwxL2NyZWF0ZVVzZXJXaXRoUGFzc3dvcmQvdmNkVTJCVk43VUE [none]
[debug] [2026-08-16T04:54:11.724Z] <<< [apiv2][status] GET https://cloudfunctions.googleapis.com/v1/operations/bGVkLWRiLTQ2NWIwL3VzLWNlbnRyYWwxL2NyZWF0ZVVzZXJXaXRoUGFzc3dvcmQvdmNkVTJCVk43VUE 200
[debug] [2026-08-16T04:54:11.724Z] <<< [apiv2][body] GET https://cloudfunctions.googleapis.com/v1/operations/bGVkLWRiLTQ2NWIwL3VzLWNlbnRyYWwxL2NyZWF0ZVVzZXJXaXRoUGFzc3dvcmQvdmNkVTJCVk43VUE {"name":"operations/bGVkLWRiLTQ2NWIwL3VzLWNlbnRyYWwxL2NyZWF0ZVVzZXJXaXRoUGFzc3dvcmQvdmNkVTJCVk43VUE","metadata":{"@type":"type.googleapis.com/google.cloud.functions.v1.OperationMetadataV1","target":"projects/led-db-465b0/locations/us-central1/functions/createUserWithPassword","type":"UPDATE_FUNCTION","request":{"@type":"type.googleapis.com/google.cloud.functions.v1.CloudFunction","name":"projects/led-db-465b0/locations/us-central1/functions/createUserWithPassword","httpsTrigger":{"url":"https://us-central1-led-db-465b0.cloudfunctions.net/createUserWithPassword","securityLevel":"SECURE_ALWAYS"},"status":"ACTIVE","entryPoint":"createUserWithPassword","updateTime":"2026-08-16T04:44:07.500Z","versionId":"1","labels":{"deployment-tool":"cli-firebase","deployment-callable":"true","firebase-functions-hash":"acba6580289195b58d3dbe1d336a53e855f8128c"},"sourceUploadUrl":"https://storage.googleapis.com/uploads-69892327674.us-central1.cloudfunctions.appspot.com/14913877-13d5-41e4-86bf-3a003afe8c56.zip?GoogleAccessId=service-922283607413@gcf-admin-robot.iam.gserviceaccount.com&Expires=1786857848&Signature=JQTl72N0McbS3pcvTlLz1erfJTwdgPSP1wLT5PAvb%2FdShwvs8esk9reuAAMRXWJL6qm7NtEQe6pVHvEPiC9zsQngHKFMtiIIjOxOccTc9vQYIUihCAZ0Jr9mkccC93AVsQ7vKQQroWHbeQElmG7CcamjoMcS9QwoI4bjzyuOtTXWS8u2u1Wnc9WwdYYkPNx%2FF2Ow%2FxmwBwJYie%2F9xfJTOjNv%2F7LRH9fxUVyTOvrlqpM3E6T2FBcPGCnYTiTuna4qP9RazPVzmkhmvoy15COWw7zQb4U9KGI9WUw7clWdtHNwtgl4UGgj8NMf6Jum%2Bc%2B8e7NEya0Ex2b%2FwODDvZqUXw%3D%3D","environmentVariables":{"FIREBASE_CONFIG":"{\"projectId\":\"led-db-465b0\",\"storageBucket\":\"led-db-465b0.firebasestorage.app\"}","GCLOUD_PROJECT":"led-db-465b0","EVENTARC_CLOUD_EVENT_SOURCE":"projects/led-db-465b0/locations/us-central1/functions/createUserWithPassword"},"runtime":"nodejs20","buildId":"790958c0-c286-40cf-bd09-606c04a98979","buildEnvironmentVariables":{"GOOGLE_NODE_RUN_SCRIPTS":""},"buildName":"projects/922283607413/locations/us-central1/builds/790958c0-c286-40cf-bd09-606c04a98979","dockerRegistry":"ARTIFACT_REGISTRY","automaticUpdatePolicy":{},"buildServiceAccount":"projects/led-db-465b0/serviceAccounts/922283607413-compute@developer.gserviceaccount.com"},"versionId":"2","updateTime":"2026-08-16T04:54:09Z","buildId":"5fb5c8a3-9217-4e30-817c-49eee1e75313","buildName":"projects/922283607413/locations/us-central1/builds/5fb5c8a3-9217-4e30-817c-49eee1e75313"}}
[debug] [2026-08-16T04:54:13.726Z] [update-default-us-central1-createUserWithPassword] Retrying task index 0
[debug] [2026-08-16T04:54:13.726Z] Checked if tokens are valid: true, expires at: 1786858660549
[debug] [2026-08-16T04:54:13.726Z] Checked if tokens are valid: true, expires at: 1786858660549
[debug] [2026-08-16T04:54:13.726Z] >>> [apiv2][query] GET https://cloudfunctions.googleapis.com/v1/operations/bGVkLWRiLTQ2NWIwL3VzLWNlbnRyYWwxL2NyZWF0ZVVzZXJXaXRoUGFzc3dvcmQvdmNkVTJCVk43VUE [none]
[debug] [2026-08-16T04:54:13.843Z] <<< [apiv2][status] GET https://cloudfunctions.googleapis.com/v1/operations/bGVkLWRiLTQ2NWIwL3VzLWNlbnRyYWwxL2NyZWF0ZVVzZXJXaXRoUGFzc3dvcmQvdmNkVTJCVk43VUE 200
[debug] [2026-08-16T04:54:13.843Z] <<< [apiv2][body] GET https://cloudfunctions.googleapis.com/v1/operations/bGVkLWRiLTQ2NWIwL3VzLWNlbnRyYWwxL2NyZWF0ZVVzZXJXaXRoUGFzc3dvcmQvdmNkVTJCVk43VUE {"name":"operations/bGVkLWRiLTQ2NWIwL3VzLWNlbnRyYWwxL2NyZWF0ZVVzZXJXaXRoUGFzc3dvcmQvdmNkVTJCVk43VUE","metadata":{"@type":"type.googleapis.com/google.cloud.functions.v1.OperationMetadataV1","target":"projects/led-db-465b0/locations/us-central1/functions/createUserWithPassword","type":"UPDATE_FUNCTION","request":{"@type":"type.googleapis.com/google.cloud.functions.v1.CloudFunction","name":"projects/led-db-465b0/locations/us-central1/functions/createUserWithPassword","httpsTrigger":{"url":"https://us-central1-led-db-465b0.cloudfunctions.net/createUserWithPassword","securityLevel":"SECURE_ALWAYS"},"status":"ACTIVE","entryPoint":"createUserWithPassword","updateTime":"2026-08-16T04:44:07.500Z","versionId":"1","labels":{"deployment-tool":"cli-firebase","deployment-callable":"true","firebase-functions-hash":"acba6580289195b58d3dbe1d336a53e855f8128c"},"sourceUploadUrl":"https://storage.googleapis.com/uploads-69892327674.us-central1.cloudfunctions.appspot.com/14913877-13d5-41e4-86bf-3a003afe8c56.zip?GoogleAccessId=service-922283607413@gcf-admin-robot.iam.gserviceaccount.com&Expires=1786857848&Signature=JQTl72N0McbS3pcvTlLz1erfJTwdgPSP1wLT5PAvb%2FdShwvs8esk9reuAAMRXWJL6qm7NtEQe6pVHvEPiC9zsQngHKFMtiIIjOxOccTc9vQYIUihCAZ0Jr9mkccC93AVsQ7vKQQroWHbeQElmG7CcamjoMcS9QwoI4bjzyuOtTXWS8u2u1Wnc9WwdYYkPNx%2FF2Ow%2FxmwBwJYie%2F9xfJTOjNv%2F7LRH9fxUVyTOvrlqpM3E6T2FBcPGCnYTiTuna4qP9RazPVzmkhmvoy15COWw7zQb4U9KGI9WUw7clWdtHNwtgl4UGgj8NMf6Jum%2Bc%2B8e7NEya0Ex2b%2FwODDvZqUXw%3D%3D","environmentVariables":{"FIREBASE_CONFIG":"{\"projectId\":\"led-db-465b0\",\"storageBucket\":\"led-db-465b0.firebasestorage.app\"}","GCLOUD_PROJECT":"led-db-465b0","EVENTARC_CLOUD_EVENT_SOURCE":"projects/led-db-465b0/locations/us-central1/functions/createUserWithPassword"},"runtime":"nodejs20","buildId":"790958c0-c286-40cf-bd09-606c04a98979","buildEnvironmentVariables":{"GOOGLE_NODE_RUN_SCRIPTS":""},"buildName":"projects/922283607413/locations/us-central1/builds/790958c0-c286-40cf-bd09-606c04a98979","dockerRegistry":"ARTIFACT_REGISTRY","automaticUpdatePolicy":{},"buildServiceAccount":"projects/led-db-465b0/serviceAccounts/922283607413-compute@developer.gserviceaccount.com"},"versionId":"2","updateTime":"2026-08-16T04:54:09Z","buildId":"5fb5c8a3-9217-4e30-817c-49eee1e75313","buildName":"projects/922283607413/locations/us-central1/builds/5fb5c8a3-9217-4e30-817c-49eee1e75313"}}
[debug] [2026-08-16T04:54:17.843Z] [update-default-us-central1-createUserWithPassword] Retrying task index 0
[debug] [2026-08-16T04:54:17.844Z] Checked if tokens are valid: true, expires at: 1786858660549
[debug] [2026-08-16T04:54:17.844Z] Checked if tokens are valid: true, expires at: 1786858660549
[debug] [2026-08-16T04:54:17.844Z] >>> [apiv2][query] GET https://cloudfunctions.googleapis.com/v1/operations/bGVkLWRiLTQ2NWIwL3VzLWNlbnRyYWwxL2NyZWF0ZVVzZXJXaXRoUGFzc3dvcmQvdmNkVTJCVk43VUE [none]
[debug] [2026-08-16T04:54:18.346Z] <<< [apiv2][status] GET https://cloudfunctions.googleapis.com/v1/operations/bGVkLWRiLTQ2NWIwL3VzLWNlbnRyYWwxL2NyZWF0ZVVzZXJXaXRoUGFzc3dvcmQvdmNkVTJCVk43VUE 200
[debug] [2026-08-16T04:54:18.346Z] <<< [apiv2][body] GET https://cloudfunctions.googleapis.com/v1/operations/bGVkLWRiLTQ2NWIwL3VzLWNlbnRyYWwxL2NyZWF0ZVVzZXJXaXRoUGFzc3dvcmQvdmNkVTJCVk43VUE {"name":"operations/bGVkLWRiLTQ2NWIwL3VzLWNlbnRyYWwxL2NyZWF0ZVVzZXJXaXRoUGFzc3dvcmQvdmNkVTJCVk43VUE","metadata":{"@type":"type.googleapis.com/google.cloud.functions.v1.OperationMetadataV1","target":"projects/led-db-465b0/locations/us-central1/functions/createUserWithPassword","type":"UPDATE_FUNCTION","request":{"@type":"type.googleapis.com/google.cloud.functions.v1.CloudFunction","name":"projects/led-db-465b0/locations/us-central1/functions/createUserWithPassword","httpsTrigger":{"url":"https://us-central1-led-db-465b0.cloudfunctions.net/createUserWithPassword","securityLevel":"SECURE_ALWAYS"},"status":"ACTIVE","entryPoint":"createUserWithPassword","updateTime":"2026-08-16T04:44:07.500Z","versionId":"1","labels":{"deployment-tool":"cli-firebase","deployment-callable":"true","firebase-functions-hash":"acba6580289195b58d3dbe1d336a53e855f8128c"},"sourceUploadUrl":"https://storage.googleapis.com/uploads-69892327674.us-central1.cloudfunctions.appspot.com/14913877-13d5-41e4-86bf-3a003afe8c56.zip?GoogleAccessId=service-922283607413@gcf-admin-robot.iam.gserviceaccount.com&Expires=1786857848&Signature=JQTl72N0McbS3pcvTlLz1erfJTwdgPSP1wLT5PAvb%2FdShwvs8esk9reuAAMRXWJL6qm7NtEQe6pVHvEPiC9zsQngHKFMtiIIjOxOccTc9vQYIUihCAZ0Jr9mkccC93AVsQ7vKQQroWHbeQElmG7CcamjoMcS9QwoI4bjzyuOtTXWS8u2u1Wnc9WwdYYkPNx%2FF2Ow%2FxmwBwJYie%2F9xfJTOjNv%2F7LRH9fxUVyTOvrlqpM3E6T2FBcPGCnYTiTuna4qP9RazPVzmkhmvoy15COWw7zQb4U9KGI9WUw7clWdtHNwtgl4UGgj8NMf6Jum%2Bc%2B8e7NEya0Ex2b%2FwODDvZqUXw%3D%3D","environmentVariables":{"FIREBASE_CONFIG":"{\"projectId\":\"led-db-465b0\",\"storageBucket\":\"led-db-465b0.firebasestorage.app\"}","GCLOUD_PROJECT":"led-db-465b0","EVENTARC_CLOUD_EVENT_SOURCE":"projects/led-db-465b0/locations/us-central1/functions/createUserWithPassword"},"runtime":"nodejs20","buildId":"790958c0-c286-40cf-bd09-606c04a98979","buildEnvironmentVariables":{"GOOGLE_NODE_RUN_SCRIPTS":""},"buildName":"projects/922283607413/locations/us-central1/builds/790958c0-c286-40cf-bd09-606c04a98979","dockerRegistry":"ARTIFACT_REGISTRY","automaticUpdatePolicy":{},"buildServiceAccount":"projects/led-db-465b0/serviceAccounts/922283607413-compute@developer.gserviceaccount.com"},"versionId":"2","updateTime":"2026-08-16T04:54:09Z","buildId":"5fb5c8a3-9217-4e30-817c-49eee1e75313","buildName":"projects/922283607413/locations/us-central1/builds/5fb5c8a3-9217-4e30-817c-49eee1e75313"}}
[debug] [2026-08-16T04:54:26.347Z] [update-default-us-central1-createUserWithPassword] Retrying task index 0
[debug] [2026-08-16T04:54:26.348Z] Checked if tokens are valid: true, expires at: 1786858660549
[debug] [2026-08-16T04:54:26.348Z] Checked if tokens are valid: true, expires at: 1786858660549
[debug] [2026-08-16T04:54:26.348Z] >>> [apiv2][query] GET https://cloudfunctions.googleapis.com/v1/operations/bGVkLWRiLTQ2NWIwL3VzLWNlbnRyYWwxL2NyZWF0ZVVzZXJXaXRoUGFzc3dvcmQvdmNkVTJCVk43VUE [none]
[debug] [2026-08-16T04:54:26.646Z] <<< [apiv2][status] GET https://cloudfunctions.googleapis.com/v1/operations/bGVkLWRiLTQ2NWIwL3VzLWNlbnRyYWwxL2NyZWF0ZVVzZXJXaXRoUGFzc3dvcmQvdmNkVTJCVk43VUE 200
[debug] [2026-08-16T04:54:26.646Z] <<< [apiv2][body] GET https://cloudfunctions.googleapis.com/v1/operations/bGVkLWRiLTQ2NWIwL3VzLWNlbnRyYWwxL2NyZWF0ZVVzZXJXaXRoUGFzc3dvcmQvdmNkVTJCVk43VUE {"name":"operations/bGVkLWRiLTQ2NWIwL3VzLWNlbnRyYWwxL2NyZWF0ZVVzZXJXaXRoUGFzc3dvcmQvdmNkVTJCVk43VUE","metadata":{"@type":"type.googleapis.com/google.cloud.functions.v1.OperationMetadataV1","target":"projects/led-db-465b0/locations/us-central1/functions/createUserWithPassword","type":"UPDATE_FUNCTION","request":{"@type":"type.googleapis.com/google.cloud.functions.v1.CloudFunction","name":"projects/led-db-465b0/locations/us-central1/functions/createUserWithPassword","httpsTrigger":{"url":"https://us-central1-led-db-465b0.cloudfunctions.net/createUserWithPassword","securityLevel":"SECURE_ALWAYS"},"status":"ACTIVE","entryPoint":"createUserWithPassword","updateTime":"2026-08-16T04:44:07.500Z","versionId":"1","labels":{"deployment-tool":"cli-firebase","deployment-callable":"true","firebase-functions-hash":"acba6580289195b58d3dbe1d336a53e855f8128c"},"sourceUploadUrl":"https://storage.googleapis.com/uploads-69892327674.us-central1.cloudfunctions.appspot.com/14913877-13d5-41e4-86bf-3a003afe8c56.zip?GoogleAccessId=service-922283607413@gcf-admin-robot.iam.gserviceaccount.com&Expires=1786857848&Signature=JQTl72N0McbS3pcvTlLz1erfJTwdgPSP1wLT5PAvb%2FdShwvs8esk9reuAAMRXWJL6qm7NtEQe6pVHvEPiC9zsQngHKFMtiIIjOxOccTc9vQYIUihCAZ0Jr9mkccC93AVsQ7vKQQroWHbeQElmG7CcamjoMcS9QwoI4bjzyuOtTXWS8u2u1Wnc9WwdYYkPNx%2FF2Ow%2FxmwBwJYie%2F9xfJTOjNv%2F7LRH9fxUVyTOvrlqpM3E6T2FBcPGCnYTiTuna4qP9RazPVzmkhmvoy15COWw7zQb4U9KGI9WUw7clWdtHNwtgl4UGgj8NMf6Jum%2Bc%2B8e7NEya0Ex2b%2FwODDvZqUXw%3D%3D","environmentVariables":{"FIREBASE_CONFIG":"{\"projectId\":\"led-db-465b0\",\"storageBucket\":\"led-db-465b0.firebasestorage.app\"}","GCLOUD_PROJECT":"led-db-465b0","EVENTARC_CLOUD_EVENT_SOURCE":"projects/led-db-465b0/locations/us-central1/functions/createUserWithPassword"},"runtime":"nodejs20","buildId":"790958c0-c286-40cf-bd09-606c04a98979","buildEnvironmentVariables":{"GOOGLE_NODE_RUN_SCRIPTS":""},"buildName":"projects/922283607413/locations/us-central1/builds/790958c0-c286-40cf-bd09-606c04a98979","dockerRegistry":"ARTIFACT_REGISTRY","automaticUpdatePolicy":{},"buildServiceAccount":"projects/led-db-465b0/serviceAccounts/922283607413-compute@developer.gserviceaccount.com"},"versionId":"2","updateTime":"2026-08-16T04:54:09Z","buildId":"5fb5c8a3-9217-4e30-817c-49eee1e75313","buildName":"projects/922283607413/locations/us-central1/builds/5fb5c8a3-9217-4e30-817c-49eee1e75313"}}
[debug] [2026-08-16T04:54:36.647Z] [update-default-us-central1-createUserWithPassword] Retrying task index 0
[debug] [2026-08-16T04:54:36.647Z] Checked if tokens are valid: true, expires at: 1786858660549
[debug] [2026-08-16T04:54:36.648Z] Checked if tokens are valid: true, expires at: 1786858660549
[debug] [2026-08-16T04:54:36.648Z] >>> [apiv2][query] GET https://cloudfunctions.googleapis.com/v1/operations/bGVkLWRiLTQ2NWIwL3VzLWNlbnRyYWwxL2NyZWF0ZVVzZXJXaXRoUGFzc3dvcmQvdmNkVTJCVk43VUE [none]
[debug] [2026-08-16T04:54:37.285Z] <<< [apiv2][status] GET https://cloudfunctions.googleapis.com/v1/operations/bGVkLWRiLTQ2NWIwL3VzLWNlbnRyYWwxL2NyZWF0ZVVzZXJXaXRoUGFzc3dvcmQvdmNkVTJCVk43VUE 200
[debug] [2026-08-16T04:54:37.285Z] <<< [apiv2][body] GET https://cloudfunctions.googleapis.com/v1/operations/bGVkLWRiLTQ2NWIwL3VzLWNlbnRyYWwxL2NyZWF0ZVVzZXJXaXRoUGFzc3dvcmQvdmNkVTJCVk43VUE {"name":"operations/bGVkLWRiLTQ2NWIwL3VzLWNlbnRyYWwxL2NyZWF0ZVVzZXJXaXRoUGFzc3dvcmQvdmNkVTJCVk43VUE","metadata":{"@type":"type.googleapis.com/google.cloud.functions.v1.OperationMetadataV1","target":"projects/led-db-465b0/locations/us-central1/functions/createUserWithPassword","type":"UPDATE_FUNCTION","request":{"@type":"type.googleapis.com/google.cloud.functions.v1.CloudFunction","name":"projects/led-db-465b0/locations/us-central1/functions/createUserWithPassword","httpsTrigger":{"url":"https://us-central1-led-db-465b0.cloudfunctions.net/createUserWithPassword","securityLevel":"SECURE_ALWAYS"},"status":"ACTIVE","entryPoint":"createUserWithPassword","updateTime":"2026-08-16T04:44:07.500Z","versionId":"1","labels":{"deployment-tool":"cli-firebase","deployment-callable":"true","firebase-functions-hash":"acba6580289195b58d3dbe1d336a53e855f8128c"},"sourceUploadUrl":"https://storage.googleapis.com/uploads-69892327674.us-central1.cloudfunctions.appspot.com/14913877-13d5-41e4-86bf-3a003afe8c56.zip?GoogleAccessId=service-922283607413@gcf-admin-robot.iam.gserviceaccount.com&Expires=1786857848&Signature=JQTl72N0McbS3pcvTlLz1erfJTwdgPSP1wLT5PAvb%2FdShwvs8esk9reuAAMRXWJL6qm7NtEQe6pVHvEPiC9zsQngHKFMtiIIjOxOccTc9vQYIUihCAZ0Jr9mkccC93AVsQ7vKQQroWHbeQElmG7CcamjoMcS9QwoI4bjzyuOtTXWS8u2u1Wnc9WwdYYkPNx%2FF2Ow%2FxmwBwJYie%2F9xfJTOjNv%2F7LRH9fxUVyTOvrlqpM3E6T2FBcPGCnYTiTuna4qP9RazPVzmkhmvoy15COWw7zQb4U9KGI9WUw7clWdtHNwtgl4UGgj8NMf6Jum%2Bc%2B8e7NEya0Ex2b%2FwODDvZqUXw%3D%3D","environmentVariables":{"FIREBASE_CONFIG":"{\"projectId\":\"led-db-465b0\",\"storageBucket\":\"led-db-465b0.firebasestorage.app\"}","GCLOUD_PROJECT":"led-db-465b0","EVENTARC_CLOUD_EVENT_SOURCE":"projects/led-db-465b0/locations/us-central1/functions/createUserWithPassword"},"runtime":"nodejs20","buildId":"790958c0-c286-40cf-bd09-606c04a98979","buildEnvironmentVariables":{"GOOGLE_NODE_RUN_SCRIPTS":""},"buildName":"projects/922283607413/locations/us-central1/builds/790958c0-c286-40cf-bd09-606c04a98979","dockerRegistry":"ARTIFACT_REGISTRY","automaticUpdatePolicy":{},"buildServiceAccount":"projects/led-db-465b0/serviceAccounts/922283607413-compute@developer.gserviceaccount.com"},"versionId":"2","updateTime":"2026-08-16T04:54:09Z","buildId":"5fb5c8a3-9217-4e30-817c-49eee1e75313","buildName":"projects/922283607413/locations/us-central1/builds/5fb5c8a3-9217-4e30-817c-49eee1e75313"}}
[debug] [2026-08-16T04:54:47.286Z] [update-default-us-central1-createUserWithPassword] Retrying task index 0
[debug] [2026-08-16T04:54:47.287Z] Checked if tokens are valid: true, expires at: 1786858660549
[debug] [2026-08-16T04:54:47.287Z] Checked if tokens are valid: true, expires at: 1786858660549
[debug] [2026-08-16T04:54:47.287Z] >>> [apiv2][query] GET https://cloudfunctions.googleapis.com/v1/operations/bGVkLWRiLTQ2NWIwL3VzLWNlbnRyYWwxL2NyZWF0ZVVzZXJXaXRoUGFzc3dvcmQvdmNkVTJCVk43VUE [none]
[debug] [2026-08-16T04:54:47.541Z] <<< [apiv2][status] GET https://cloudfunctions.googleapis.com/v1/operations/bGVkLWRiLTQ2NWIwL3VzLWNlbnRyYWwxL2NyZWF0ZVVzZXJXaXRoUGFzc3dvcmQvdmNkVTJCVk43VUE 200
[debug] [2026-08-16T04:54:47.541Z] <<< [apiv2][body] GET https://cloudfunctions.googleapis.com/v1/operations/bGVkLWRiLTQ2NWIwL3VzLWNlbnRyYWwxL2NyZWF0ZVVzZXJXaXRoUGFzc3dvcmQvdmNkVTJCVk43VUE {"name":"operations/bGVkLWRiLTQ2NWIwL3VzLWNlbnRyYWwxL2NyZWF0ZVVzZXJXaXRoUGFzc3dvcmQvdmNkVTJCVk43VUE","metadata":{"@type":"type.googleapis.com/google.cloud.functions.v1.OperationMetadataV1","target":"projects/led-db-465b0/locations/us-central1/functions/createUserWithPassword","type":"UPDATE_FUNCTION","request":{"@type":"type.googleapis.com/google.cloud.functions.v1.CloudFunction","name":"projects/led-db-465b0/locations/us-central1/functions/createUserWithPassword","httpsTrigger":{"url":"https://us-central1-led-db-465b0.cloudfunctions.net/createUserWithPassword","securityLevel":"SECURE_ALWAYS"},"status":"ACTIVE","entryPoint":"createUserWithPassword","updateTime":"2026-08-16T04:44:07.500Z","versionId":"1","labels":{"deployment-tool":"cli-firebase","deployment-callable":"true","firebase-functions-hash":"acba6580289195b58d3dbe1d336a53e855f8128c"},"sourceUploadUrl":"https://storage.googleapis.com/uploads-69892327674.us-central1.cloudfunctions.appspot.com/14913877-13d5-41e4-86bf-3a003afe8c56.zip?GoogleAccessId=service-922283607413@gcf-admin-robot.iam.gserviceaccount.com&Expires=1786857848&Signature=JQTl72N0McbS3pcvTlLz1erfJTwdgPSP1wLT5PAvb%2FdShwvs8esk9reuAAMRXWJL6qm7NtEQe6pVHvEPiC9zsQngHKFMtiIIjOxOccTc9vQYIUihCAZ0Jr9mkccC93AVsQ7vKQQroWHbeQElmG7CcamjoMcS9QwoI4bjzyuOtTXWS8u2u1Wnc9WwdYYkPNx%2FF2Ow%2FxmwBwJYie%2F9xfJTOjNv%2F7LRH9fxUVyTOvrlqpM3E6T2FBcPGCnYTiTuna4qP9RazPVzmkhmvoy15COWw7zQb4U9KGI9WUw7clWdtHNwtgl4UGgj8NMf6Jum%2Bc%2B8e7NEya0Ex2b%2FwODDvZqUXw%3D%3D","environmentVariables":{"FIREBASE_CONFIG":"{\"projectId\":\"led-db-465b0\",\"storageBucket\":\"led-db-465b0.firebasestorage.app\"}","GCLOUD_PROJECT":"led-db-465b0","EVENTARC_CLOUD_EVENT_SOURCE":"projects/led-db-465b0/locations/us-central1/functions/createUserWithPassword"},"runtime":"nodejs20","buildId":"790958c0-c286-40cf-bd09-606c04a98979","buildEnvironmentVariables":{"GOOGLE_NODE_RUN_SCRIPTS":""},"buildName":"projects/922283607413/locations/us-central1/builds/790958c0-c286-40cf-bd09-606c04a98979","dockerRegistry":"ARTIFACT_REGISTRY","automaticUpdatePolicy":{},"buildServiceAccount":"projects/led-db-465b0/serviceAccounts/922283607413-compute@developer.gserviceaccount.com"},"versionId":"2","updateTime":"2026-08-16T04:54:09Z","buildId":"5fb5c8a3-9217-4e30-817c-49eee1e75313","buildName":"projects/922283607413/locations/us-central1/builds/5fb5c8a3-9217-4e30-817c-49eee1e75313"}}
[debug] [2026-08-16T04:54:57.542Z] [update-default-us-central1-createUserWithPassword] Retrying task index 0
[debug] [2026-08-16T04:54:57.543Z] Checked if tokens are valid: true, expires at: 1786858660549
[debug] [2026-08-16T04:54:57.543Z] Checked if tokens are valid: true, expires at: 1786858660549
[debug] [2026-08-16T04:54:57.543Z] >>> [apiv2][query] GET https://cloudfunctions.googleapis.com/v1/operations/bGVkLWRiLTQ2NWIwL3VzLWNlbnRyYWwxL2NyZWF0ZVVzZXJXaXRoUGFzc3dvcmQvdmNkVTJCVk43VUE [none]
[debug] [2026-08-16T04:54:57.757Z] <<< [apiv2][status] GET https://cloudfunctions.googleapis.com/v1/operations/bGVkLWRiLTQ2NWIwL3VzLWNlbnRyYWwxL2NyZWF0ZVVzZXJXaXRoUGFzc3dvcmQvdmNkVTJCVk43VUE 200
[debug] [2026-08-16T04:54:57.758Z] <<< [apiv2][body] GET https://cloudfunctions.googleapis.com/v1/operations/bGVkLWRiLTQ2NWIwL3VzLWNlbnRyYWwxL2NyZWF0ZVVzZXJXaXRoUGFzc3dvcmQvdmNkVTJCVk43VUE {"name":"operations/bGVkLWRiLTQ2NWIwL3VzLWNlbnRyYWwxL2NyZWF0ZVVzZXJXaXRoUGFzc3dvcmQvdmNkVTJCVk43VUE","metadata":{"@type":"type.googleapis.com/google.cloud.functions.v1.OperationMetadataV1","target":"projects/led-db-465b0/locations/us-central1/functions/createUserWithPassword","type":"UPDATE_FUNCTION","request":{"@type":"type.googleapis.com/google.cloud.functions.v1.CloudFunction","name":"projects/led-db-465b0/locations/us-central1/functions/createUserWithPassword","httpsTrigger":{"url":"https://us-central1-led-db-465b0.cloudfunctions.net/createUserWithPassword","securityLevel":"SECURE_ALWAYS"},"status":"ACTIVE","entryPoint":"createUserWithPassword","updateTime":"2026-08-16T04:44:07.500Z","versionId":"1","labels":{"deployment-tool":"cli-firebase","deployment-callable":"true","firebase-functions-hash":"acba6580289195b58d3dbe1d336a53e855f8128c"},"sourceUploadUrl":"https://storage.googleapis.com/uploads-69892327674.us-central1.cloudfunctions.appspot.com/14913877-13d5-41e4-86bf-3a003afe8c56.zip?GoogleAccessId=service-922283607413@gcf-admin-robot.iam.gserviceaccount.com&Expires=1786857848&Signature=JQTl72N0McbS3pcvTlLz1erfJTwdgPSP1wLT5PAvb%2FdShwvs8esk9reuAAMRXWJL6qm7NtEQe6pVHvEPiC9zsQngHKFMtiIIjOxOccTc9vQYIUihCAZ0Jr9mkccC93AVsQ7vKQQroWHbeQElmG7CcamjoMcS9QwoI4bjzyuOtTXWS8u2u1Wnc9WwdYYkPNx%2FF2Ow%2FxmwBwJYie%2F9xfJTOjNv%2F7LRH9fxUVyTOvrlqpM3E6T2FBcPGCnYTiTuna4qP9RazPVzmkhmvoy15COWw7zQb4U9KGI9WUw7clWdtHNwtgl4UGgj8NMf6Jum%2Bc%2B8e7NEya0Ex2b%2FwODDvZqUXw%3D%3D","environmentVariables":{"FIREBASE_CONFIG":"{\"projectId\":\"led-db-465b0\",\"storageBucket\":\"led-db-465b0.firebasestorage.app\"}","GCLOUD_PROJECT":"led-db-465b0","EVENTARC_CLOUD_EVENT_SOURCE":"projects/led-db-465b0/locations/us-central1/functions/createUserWithPassword"},"runtime":"nodejs20","buildId":"790958c0-c286-40cf-bd09-606c04a98979","buildEnvironmentVariables":{"GOOGLE_NODE_RUN_SCRIPTS":""},"buildName":"projects/922283607413/locations/us-central1/builds/790958c0-c286-40cf-bd09-606c04a98979","dockerRegistry":"ARTIFACT_REGISTRY","automaticUpdatePolicy":{},"buildServiceAccount":"projects/led-db-465b0/serviceAccounts/922283607413-compute@developer.gserviceaccount.com"},"versionId":"2","updateTime":"2026-08-16T04:54:09Z","buildId":"5fb5c8a3-9217-4e30-817c-49eee1e75313","sourceToken":"02233c6a-2506-4b19-b937-cf143d5a21c5","buildName":"projects/922283607413/locations/us-central1/builds/5fb5c8a3-9217-4e30-817c-49eee1e75313"}}
[debug] [2026-08-16T04:54:57.758Z] Got source token 02233c6a-2506-4b19-b937-cf143d5a21c5 for region us-central1
[debug] [2026-08-16T04:54:57.760Z] Checked if tokens are valid: true, expires at: 1786858660549
[debug] [2026-08-16T04:54:57.760Z] Checked if tokens are valid: true, expires at: 1786858660549
[debug] [2026-08-16T04:54:57.760Z] >>> [apiv2][query] PATCH https://cloudfunctions.googleapis.com/v1/projects/led-db-465b0/locations/us-central1/functions/deleteUserAccount updateMask=name%2CsourceUploadUrl%2CentryPoint%2Cruntime%2CdockerRegistry%2Clabels%2ChttpsTrigger.securityLevel%2CminInstances%2CmaxInstances%2CingressSettings%2CenvironmentVariables%2CserviceAccountEmail%2CavailableMemoryMb%2Ctimeout%2CvpcConnector%2CvpcConnectorEgressSettings%2CsourceToken%2CbuildEnvironmentVariables
[debug] [2026-08-16T04:54:57.760Z] >>> [apiv2][body] PATCH https://cloudfunctions.googleapis.com/v1/projects/led-db-465b0/locations/us-central1/functions/deleteUserAccount {"name":"projects/led-db-465b0/locations/us-central1/functions/deleteUserAccount","sourceUploadUrl":"https://storage.googleapis.com/uploads-69892327674.us-central1.cloudfunctions.appspot.com/14913877-13d5-41e4-86bf-3a003afe8c56.zip?GoogleAccessId=service-922283607413@gcf-admin-robot.iam.gserviceaccount.com&Expires=1786857848&Signature=JQTl72N0McbS3pcvTlLz1erfJTwdgPSP1wLT5PAvb%2FdShwvs8esk9reuAAMRXWJL6qm7NtEQe6pVHvEPiC9zsQngHKFMtiIIjOxOccTc9vQYIUihCAZ0Jr9mkccC93AVsQ7vKQQroWHbeQElmG7CcamjoMcS9QwoI4bjzyuOtTXWS8u2u1Wnc9WwdYYkPNx%2FF2Ow%2FxmwBwJYie%2F9xfJTOjNv%2F7LRH9fxUVyTOvrlqpM3E6T2FBcPGCnYTiTuna4qP9RazPVzmkhmvoy15COWw7zQb4U9KGI9WUw7clWdtHNwtgl4UGgj8NMf6Jum%2Bc%2B8e7NEya0Ex2b%2FwODDvZqUXw%3D%3D","entryPoint":"deleteUserAccount","runtime":"nodejs20","dockerRegistry":"ARTIFACT_REGISTRY","labels":{"deployment-tool":"cli-firebase","deployment-callable":"true","firebase-functions-hash":"acba6580289195b58d3dbe1d336a53e855f8128c"},"httpsTrigger":{"securityLevel":"SECURE_ALWAYS"},"minInstances":null,"maxInstances":null,"ingressSettings":null,"environmentVariables":{"FIREBASE_CONFIG":"{\"projectId\":\"led-db-465b0\",\"storageBucket\":\"led-db-465b0.firebasestorage.app\"}","GCLOUD_PROJECT":"led-db-465b0","EVENTARC_CLOUD_EVENT_SOURCE":"projects/led-db-465b0/locations/us-central1/functions/deleteUserAccount"},"serviceAccountEmail":null,"availableMemoryMb":null,"timeout":null,"vpcConnector":null,"vpcConnectorEgressSettings":null,"sourceToken":"02233c6a-2506-4b19-b937-cf143d5a21c5","buildEnvironmentVariables":{"GOOGLE_NODE_RUN_SCRIPTS":""}}
